2026-08-25 05:03:36,899 src.analytics.cagr INFO CAGR edge ADANIENSOL 2017-03 revenue_3yr: ZERO_BASE
2026-08-25 05:03:36,901 src.analytics.cagr INFO CAGR edge ADANIENSOL 2019-03 revenue_5yr: ZERO_BASE
2026-08-25 05:03:36,903 src.analytics.cagr INFO CAGR edge ADANIENSOL 2024-03 revenue_10yr: ZERO_BASE
2026-08-25 05:03:36,905 src.analytics.cagr INFO CAGR edge ADANIENSOL 2017-03 pat_3yr: ZERO_BASE
2026-08-25 05:03:36,905 src.analytics.cagr INFO CAGR edge ADANIENSOL 2018-03 pat_3yr: TURNAROUND
2026-08-25 05:03:36,905 src.analytics.cagr INFO CAGR edge ADANIGREEN 2020-03 pat_3yr: BOTH_NEGATIVE
2026-08-25 05:03:36,906 src.analytics.cagr INFO CAGR edge ADANIGREEN 2021-03 pat_3yr: TURNAROUND
2026-08-25 05:03:36,906 src.analytics.cagr INFO CAGR edge ADANIGREEN 2022-03 pat_3yr: TURNAROUND
2026-08-25 05:03:36,906 src.analytics.cagr INFO CAGR edge ADANIGREEN 2023-03 pat_3yr: TURNAROUND
2026-08-25 05:03:36,906 src.analytics.cagr INFO CAGR edge ADANIPOWER 2016-03 pat_3yr: TURNAROUND
2026-08-25 05:03:36,906 src.analytics.cagr INFO CAGR edge ADANIPOWER 2017-03 pat_3yr: BOTH_NEGATIVE
2026-08-25 05:03:36,906 src.analytics.cagr INFO CAGR edge ADANIPOWER 2018-03 pat_3yr: BOTH_NEGATIVE
2026-08-25 05:03:36,906 src.analytics.cagr INFO CAGR edge ADANIPOWER 2019-03 pat_3yr: DECLINE_TO_LOSS
2026-08-25 05:03:36,906 src.analytics.cagr INFO CAGR edge ADANIPOWER 2020-03 pat_3yr: BOTH_NEGATIVE
2026-08-25 05:03:36,906 src.analytics.cagr INFO CAGR edge ADANIPOWER 2021-03 pat_3yr: TURNAROUND
2026-08-25 05:03:36,906 src.analytics.cagr INFO CAGR edge ADANIPOWER 2022-03 pat_3yr: TURNAROUND
2026-08-25 05:03:36,906 src.analytics.cagr INFO CAGR edge ADANIPOWER 2023-03 pat_3yr: TURNAROUND
2026-08-25 05:03:36,906 src.analytics.cagr INFO CAGR edge BANKBARODA 2016-03 pat_3yr: DECLINE_TO_LOSS
2026-08-25 05:03:36,906 src.analytics.cagr INFO CAGR edge BANKBARODA 2018-03 pat_3yr: DECLINE_TO_LOSS
2026-08-25 05:03:36,906 src.analytics.cagr INFO CAGR edge BANKBARODA 2019-03 pat_3yr: TURNAROUND
2026-08-25 05:03:36,908 src.analytics.cagr INFO CAGR edge BANKBARODA 2021-03 pat_3yr: TURNAROUND
2026-08-25 05:03:36,908 src.analytics.cagr INFO CAGR edge BHARTIARTL 2020-03 pat_3yr: DECLINE_TO_LOSS
2026-08-25 05:03:36,908 src.analytics.cagr INFO CAGR edge BHARTIARTL 2021-03 pat_3yr: DECLINE_TO_LOSS
2026-08-25 05:03:36,908 src.analytics.cagr INFO CAGR edge BHARTIARTL 2023-03 pat_3yr: TURNAROUND
2026-08-25 05:03:36,908 src.analytics.cagr INFO CAGR edge BHARTIARTL 2024-03 pat_3yr: TURNAROUND
2026-08-25 05:03:36,908 src.analytics.cagr INFO CAGR edge BHEL 2016-03 pat_3yr: DECLINE_TO_LOSS
2026-08-25 05:03:36,908 src.analytics.cagr INFO CAGR edge BHEL 2019-03 pat_3yr: TURNAROUND
2026-08-25 05:03:36,908 src.analytics.cagr INFO CAGR edge BHEL 2020-03 pat_3yr: DECLINE_TO_LOSS
2026-08-25 05:03:36,908 src.analytics.cagr INFO CAGR edge BHEL 2021-03 pat_3yr: DECLINE_TO_LOSS
2026-08-25 05:03:36,908 src.analytics.cagr INFO CAGR edge BHEL 2023-03 pat_3yr: TURNAROUND
2026-08-25 05:03:36,909 src.analytics.cagr INFO CAGR edge BHEL 2024-03 pat_3yr: TURNAROUND
2026-08-25 05:03:36,909 src.analytics.cagr INFO CAGR edge CANBK 2016-03 pat_3yr: DECLINE_TO_LOSS
2026-08-25 05:03:36,909 src.analytics.cagr INFO CAGR edge CANBK 2018-03 pat_3yr: DECLINE_TO_LOSS
2026-08-25 05:03:36,909 src.analytics.cagr INFO CAGR edge CANBK 2019-03 pat_3yr: TURNAROUND
2026-08-25 05:03:36,909 src.analytics.cagr INFO CAGR edge CANBK 2020-03 pat_3yr: DECLINE_TO_LOSS
2026-08-25 05:03:36,909 src.analytics.cagr INFO CAGR edge CANBK 2021-03 pat_3yr: TURNAROUND
2026-08-25 05:03:36,909 src.analytics.cagr INFO CAGR edge CANBK 2023-03 pat_3yr: TURNAROUND
2026-08-25 05:03:36,910 src.analytics.cagr INFO CAGR edge DLF 2020-03 pat_3yr: DECLINE_TO_LOSS
2026-08-25 05:03:36,910 src.analytics.cagr INFO CAGR edge DLF 2023-03 pat_3yr: TURNAROUND
2026-08-25 05:03:36,910 src.analytics.cagr INFO CAGR edge GODREJCP 2024-03 pat_3yr: DECLINE_TO_LOSS
2026-08-25 05:03:36,910 src.analytics.cagr INFO CAGR edge HINDALCO 2016-03 pat_3yr: DECLINE_TO_LOSS
2026-08-25 05:03:36,910 src.analytics.cagr INFO CAGR edge HINDALCO 2019-03 pat_3yr: TURNAROUND
2026-08-25 05:03:36,910 src.analytics.cagr INFO CAGR edge IOC 2020-03 pat_3yr: DECLINE_TO_LOSS
2026-08-25 05:03:36,911 src.analytics.cagr INFO CAGR edge IOC 2023-03 pat_3yr: TURNAROUND
2026-08-25 05:03:36,911 src.analytics.cagr INFO CAGR edge JINDALSTEL 2016-03 pat_3yr: DECLINE_TO_LOSS
2026-08-25 05:03:36,911 src.analytics.cagr INFO CAGR edge JINDALSTEL 2017-03 pat_3yr: DECLINE_TO_LOSS
2026-08-25 05:03:36,911 src.analytics.cagr INFO CAGR edge JINDALSTEL 2018-03 pat_3yr: BOTH_NEGATIVE
2026-08-25 05:03:36,911 src.analytics.cagr INFO CAGR edge JINDALSTEL 2019-03 pat_3yr: BOTH_NEGATIVE
2026-08-25 05:03:36,911 src.analytics.cagr INFO CAGR edge JINDALSTEL 2020-03 pat_3yr: BOTH_NEGATIVE
2026-08-25 05:03:36,911 src.analytics.cagr INFO CAGR edge JINDALSTEL 2021-03 pat_3yr: TURNAROUND
2026-08-25 05:03:36,911 src.analytics.cagr INFO CAGR edge JINDALSTEL 2022-03 pat_3yr: TURNAROUND
2026-08-25 05:03:36,912 src.analytics.cagr INFO CAGR edge JINDALSTEL 2023-03 pat_3yr: TURNAROUND
2026-08-25 05:03:36,912 src.analytics.cagr INFO CAGR edge JSWSTEEL 2016-03 pat_3yr: DECLINE_TO_LOSS
2026-08-25 05:03:36,912 src.analytics.cagr INFO CAGR edge JSWSTEEL 2019-03 pat_3yr: TURNAROUND
2026-08-25 05:03:36,912 src.analytics.cagr INFO CAGR edge M&M 2020-03 pat_3yr: DECLINE_TO_LOSS
2026-08-25 05:03:36,912 src.analytics.cagr INFO CAGR edge M&M 2023-03 pat_3yr: TURNAROUND
2026-08-25 05:03:36,912 src.analytics.cagr INFO CAGR edge NAUKRI 2017-03 pat_3yr: DECLINE_TO_LOSS
2026-08-25 05:03:36,912 src.analytics.cagr INFO CAGR edge NAUKRI 2018-03 pat_3yr: TURNAROUND
2026-08-25 05:03:36,912 src.analytics.cagr INFO CAGR edge NAUKRI 2020-03 pat_3yr: BOTH_NEGATIVE
2026-08-25 05:03:36,912 src.analytics.cagr INFO CAGR edge NAUKRI 2023-03 pat_3yr: BOTH_NEGATIVE
2026-08-25 05:03:36,913 src.analytics.cagr INFO CAGR edge PNB 2016-03 pat_3yr: DECLINE_TO_LOSS
2026-08-25 05:03:36,913 src.analytics.cagr INFO CAGR edge PNB 2018-03 pat_3yr: DECLINE_TO_LOSS
2026-08-25 05:03:36,913 src.analytics.cagr INFO CAGR edge PNB 2019-03 pat_3yr: BOTH_NEGATIVE
2026-08-25 05:03:36,913 src.analytics.cagr INFO CAGR edge PNB 2021-03 pat_3yr: TURNAROUND
2026-08-25 05:03:36,913 src.analytics.cagr INFO CAGR edge PNB 2022-03 pat_3yr: TURNAROUND
2026-08-25 05:03:36,913 src.analytics.cagr INFO CAGR edge TATACONSUM 2016-03 pat_3yr: DECLINE_TO_LOSS
2026-08-25 05:03:36,913 src.analytics.cagr INFO CAGR edge TATACONSUM 2019-03 pat_3yr: TURNAROUND
2026-08-25 05:03:36,913 src.analytics.cagr INFO CAGR edge TATAMOTORS 2019-03 pat_3yr: DECLINE_TO_LOSS
2026-08-25 05:03:36,914 src.analytics.cagr INFO CAGR edge TATAMOTORS 2020-03 pat_3yr: DECLINE_TO_LOSS
2026-08-25 05:03:36,914 src.analytics.cagr INFO CAGR edge TATAMOTORS 2021-03 pat_3yr: DECLINE_TO_LOSS
2026-08-25 05:03:36,914 src.analytics.cagr INFO CAGR edge TATAMOTORS 2022-03 pat_3yr: BOTH_NEGATIVE
2026-08-25 05:03:36,914 src.analytics.cagr INFO CAGR edge TATAMOTORS 2023-03 pat_3yr: TURNAROUND
2026-08-25 05:03:36,914 src.analytics.cagr INFO CAGR edge TATAMOTORS 2024-03 pat_3yr: TURNAROUND
2026-08-25 05:03:36,914 src.analytics.cagr INFO CAGR edge TATASTEEL 2016-03 pat_3yr: BOTH_NEGATIVE
2026-08-25 05:03:36,914 src.analytics.cagr INFO CAGR edge TATASTEEL 2017-03 pat_3yr: DECLINE_TO_LOSS
2026-08-25 05:03:36,915 src.analytics.cagr INFO CAGR edge TATASTEEL 2018-03 pat_3yr: TURNAROUND
2026-08-25 05:03:36,915 src.analytics.cagr INFO CAGR edge TATASTEEL 2019-03 pat_3yr: TURNAROUND
2026-08-25 05:03:36,915 src.analytics.cagr INFO CAGR edge TATASTEEL 2020-03 pat_3yr: TURNAROUND
2026-08-25 05:03:36,915 src.analytics.cagr INFO CAGR edge TATASTEEL 2024-03 pat_3yr: DECLINE_TO_LOSS
2026-08-25 05:03:36,915 src.analytics.cagr INFO CAGR edge TRENT 2016-03 pat_3yr: TURNAROUND
2026-08-25 05:03:36,915 src.analytics.cagr INFO CAGR edge TRENT 2017-03 pat_3yr: TURNAROUND
2026-08-25 05:03:36,915 src.analytics.cagr INFO CAGR edge TRENT 2021-03 pat_3yr: DECLINE_TO_LOSS
2026-08-25 05:03:36,915 src.analytics.cagr INFO CAGR edge TRENT 2024-03 pat_3yr: TURNAROUND
2026-08-25 05:03:36,916 src.analytics.cagr INFO CAGR edge INDIGO 2020-03 pat_3yr: DECLINE_TO_LOSS
2026-08-25 05:03:36,916 src.analytics.cagr INFO CAGR edge INDIGO 2021-03 pat_3yr: DECLINE_TO_LOSS
2026-08-25 05:03:36,916 src.analytics.cagr INFO CAGR edge INDIGO 2022-03 pat_3yr: DECLINE_TO_LOSS
2026-08-25 05:03:36,916 src.analytics.cagr INFO CAGR edge INDIGO 2023-03 pat_3yr: BOTH_NEGATIVE
2026-08-25 05:03:36,916 src.analytics.cagr INFO CAGR edge INDIGO 2024-03 pat_3yr: TURNAROUND
2026-08-25 05:03:36,917 src.analytics.cagr INFO CAGR edge ADANIENSOL 2019-03 pat_5yr: ZERO_BASE
2026-08-25 05:03:36,917 src.analytics.cagr INFO CAGR edge ADANIENSOL 2020-03 pat_5yr: TURNAROUND
2026-08-25 05:03:36,917 src.analytics.cagr INFO CAGR edge ADANIGREEN 2022-03 pat_5yr: TURNAROUND
2026-08-25 05:03:36,917 src.analytics.cagr INFO CAGR edge ADANIGREEN 2023-03 pat_5yr: TURNAROUND
2026-08-25 05:03:36,918 src.analytics.cagr INFO CAGR edge ADANIGREEN 2024-03 pat_5yr: TURNAROUND
2026-08-25 05:03:36,918 src.analytics.cagr INFO CAGR edge ADANIPOWER 2018-03 pat_5yr: BOTH_NEGATIVE
2026-08-25 05:03:36,918 src.analytics.cagr INFO CAGR edge ADANIPOWER 2019-03 pat_5yr: BOTH_NEGATIVE
2026-08-25 05:03:36,918 src.analytics.cagr INFO CAGR edge ADANIPOWER 2020-03 pat_5yr: BOTH_NEGATIVE
2026-08-25 05:03:36,918 src.analytics.cagr INFO CAGR edge ADANIPOWER 2022-03 pat_5yr: TURNAROUND
2026-08-25 05:03:36,918 src.analytics.cagr INFO CAGR edge ADANIPOWER 2023-03 pat_5yr: TURNAROUND
2026-08-25 05:03:36,918 src.analytics.cagr INFO CAGR edge ADANIPOWER 2024-03 pat_5yr: TURNAROUND
2026-08-25 05:03:36,918 src.analytics.cagr INFO CAGR edge BANKBARODA 2018-03 pat_5yr: DECLINE_TO_LOSS
2026-08-25 05:03:36,918 src.analytics.cagr INFO CAGR edge BANKBARODA 2021-03 pat_5yr: TURNAROUND
2026-08-25 05:03:36,919 src.analytics.cagr INFO CAGR edge BANKBARODA 2023-03 pat_5yr: TURNAROUND
2026-08-25 05:03:36,919 src.analytics.cagr INFO CAGR edge BHARTIARTL 2020-03 pat_5yr: DECLINE_TO_LOSS
2026-08-25 05:03:36,919 src.analytics.cagr INFO CAGR edge BHARTIARTL 2021-03 pat_5yr: DECLINE_TO_LOSS
2026-08-25 05:03:36,919 src.analytics.cagr INFO CAGR edge BHEL 2020-03 pat_5yr: DECLINE_TO_LOSS
2026-08-25 05:03:36,919 src.analytics.cagr INFO CAGR edge BHEL 2021-03 pat_5yr: BOTH_NEGATIVE
2026-08-25 05:03:36,919 src.analytics.cagr INFO CAGR edge CANBK 2018-03 pat_5yr: DECLINE_TO_LOSS
2026-08-25 05:03:36,919 src.analytics.cagr INFO CAGR edge CANBK 2020-03 pat_5yr: DECLINE_TO_LOSS
2026-08-25 05:03:36,920 src.analytics.cagr INFO CAGR edge CANBK 2021-03 pat_5yr: TURNAROUND
2026-08-25 05:03:36,920 src.analytics.cagr INFO CAGR edge CANBK 2023-03 pat_5yr: TURNAROUND
2026-08-25 05:03:36,920 src.analytics.cagr INFO CAGR edge DLF 2020-03 pat_5yr: DECLINE_TO_LOSS
2026-08-25 05:03:36,920 src.analytics.cagr INFO CAGR edge GODREJCP 2024-03 pat_5yr: DECLINE_TO_LOSS
2026-08-25 05:03:36,920 src.analytics.cagr INFO CAGR edge HINDALCO 2021-03 pat_5yr: TURNAROUND
2026-08-25 05:03:36,921 src.analytics.cagr INFO CAGR edge IOC 2020-03 pat_5yr: DECLINE_TO_LOSS
2026-08-25 05:03:36,921 src.analytics.cagr INFO CAGR edge JINDALSTEL 2018-03 pat_5yr: DECLINE_TO_LOSS
2026-08-25 05:03:36,921 src.analytics.cagr INFO CAGR edge JINDALSTEL 2019-03 pat_5yr: DECLINE_TO_LOSS
2026-08-25 05:03:36,921 src.analytics.cagr INFO CAGR edge JINDALSTEL 2020-03 pat_5yr: BOTH_NEGATIVE
2026-08-25 05:03:36,921 src.analytics.cagr INFO CAGR edge JINDALSTEL 2021-03 pat_5yr: TURNAROUND
2026-08-25 05:03:36,921 src.analytics.cagr INFO CAGR edge JINDALSTEL 2022-03 pat_5yr: TURNAROUND
2026-08-25 05:03:36,921 src.analytics.cagr INFO CAGR edge JINDALSTEL 2023-03 pat_5yr: TURNAROUND
2026-08-25 05:03:36,922 src.analytics.cagr INFO CAGR edge JINDALSTEL 2024-03 pat_5yr: TURNAROUND
2026-08-25 05:03:36,922 src.analytics.cagr INFO CAGR edge JSWSTEEL 2021-03 pat_5yr: TURNAROUND
2026-08-25 05:03:36,922 src.analytics.cagr INFO CAGR edge M&M 2020-03 pat_5yr: DECLINE_TO_LOSS
2026-08-25 05:03:36,922 src.analytics.cagr INFO CAGR edge NAUKRI 2020-03 pat_5yr: BOTH_NEGATIVE
2026-08-25 05:03:36,922 src.analytics.cagr INFO CAGR edge NAUKRI 2022-03 pat_5yr: TURNAROUND
2026-08-25 05:03:36,922 src.analytics.cagr INFO CAGR edge NAUKRI 2023-03 pat_5yr: DECLINE_TO_LOSS
2026-08-25 05:03:36,922 src.analytics.cagr INFO CAGR edge PNB 2018-03 pat_5yr: DECLINE_TO_LOSS
2026-08-25 05:03:36,922 src.analytics.cagr INFO CAGR edge PNB 2019-03 pat_5yr: DECLINE_TO_LOSS
2026-08-25 05:03:36,923 src.analytics.cagr INFO CAGR edge PNB 2021-03 pat_5yr: TURNAROUND
2026-08-25 05:03:36,923 src.analytics.cagr INFO CAGR edge PNB 2023-03 pat_5yr: TURNAROUND
2026-08-25 05:03:36,923 src.analytics.cagr INFO CAGR edge PNB 2024-03 pat_5yr: TURNAROUND
2026-08-25 05:03:36,923 src.analytics.cagr INFO CAGR edge TATACONSUM 2021-03 pat_5yr: TURNAROUND
2026-08-25 05:03:36,923 src.analytics.cagr INFO CAGR edge TATAMOTORS 2019-03 pat_5yr: DECLINE_TO_LOSS
2026-08-25 05:03:36,923 src.analytics.cagr INFO CAGR edge TATAMOTORS 2020-03 pat_5yr: DECLINE_TO_LOSS
2026-08-25 05:03:36,923 src.analytics.cagr INFO CAGR edge TATAMOTORS 2021-03 pat_5yr: DECLINE_TO_LOSS
2026-08-25 05:03:36,923 src.analytics.cagr INFO CAGR edge TATAMOTORS 2022-03 pat_5yr: DECLINE_TO_LOSS
2026-08-25 05:03:36,923 src.analytics.cagr INFO CAGR edge TATAMOTORS 2024-03 pat_5yr: TURNAROUND
2026-08-25 05:03:36,924 src.analytics.cagr INFO CAGR edge TATASTEEL 2018-03 pat_5yr: TURNAROUND
2026-08-25 05:03:36,924 src.analytics.cagr INFO CAGR edge TATASTEEL 2020-03 pat_5yr: TURNAROUND
2026-08-25 05:03:36,924 src.analytics.cagr INFO CAGR edge TATASTEEL 2021-03 pat_5yr: TURNAROUND
2026-08-25 05:03:36,924 src.analytics.cagr INFO CAGR edge TATASTEEL 2022-03 pat_5yr: TURNAROUND
2026-08-25 05:03:36,924 src.analytics.cagr INFO CAGR edge TATASTEEL 2024-03 pat_5yr: DECLINE_TO_LOSS
2026-08-25 05:03:36,924 src.analytics.cagr INFO CAGR edge TRENT 2018-03 pat_5yr: TURNAROUND
2026-08-25 05:03:36,924 src.analytics.cagr INFO CAGR edge TRENT 2019-03 pat_5yr: TURNAROUND
2026-08-25 05:03:36,925 src.analytics.cagr INFO CAGR edge TRENT 2021-03 pat_5yr: DECLINE_TO_LOSS
2026-08-25 05:03:36,925 src.analytics.cagr INFO CAGR edge INDIGO 2020-03 pat_5yr: DECLINE_TO_LOSS
2026-08-25 05:03:36,925 src.analytics.cagr INFO CAGR edge INDIGO 2021-03 pat_5yr: DECLINE_TO_LOSS
2026-08-25 05:03:36,925 src.analytics.cagr INFO CAGR edge INDIGO 2022-03 pat_5yr: DECLINE_TO_LOSS
2026-08-25 05:03:36,925 src.analytics.cagr INFO CAGR edge INDIGO 2023-03 pat_5yr: DECLINE_TO_LOSS
2026-08-25 05:03:36,926 src.analytics.cagr INFO CAGR edge ADANIENSOL 2024-03 pat_10yr: ZERO_BASE
2026-08-25 05:03:36,927 src.analytics.cagr INFO CAGR edge ADANIPOWER 2023-03 pat_10yr: TURNAROUND
2026-08-25 05:03:36,927 src.analytics.cagr INFO CAGR edge ADANIPOWER 2024-03 pat_10yr: TURNAROUND
2026-08-25 05:03:36,927 src.analytics.cagr INFO CAGR edge GODREJCP 2024-03 pat_10yr: DECLINE_TO_LOSS
2026-08-25 05:03:36,928 src.analytics.cagr INFO CAGR edge NAUKRI 2023-03 pat_10yr: DECLINE_TO_LOSS
2026-08-25 05:03:36,928 src.analytics.cagr INFO CAGR edge TATASTEEL 2023-03 pat_10yr: TURNAROUND
2026-08-25 05:03:36,928 src.analytics.cagr INFO CAGR edge TATASTEEL 2024-03 pat_10yr: DECLINE_TO_LOSS
2026-08-25 05:03:36,928 src.analytics.cagr INFO CAGR edge TRENT 2023-03 pat_10yr: TURNAROUND
2026-08-25 05:03:36,928 src.analytics.cagr INFO CAGR edge TRENT 2024-03 pat_10yr: TURNAROUND
2026-08-25 05:03:36,928 src.analytics.cagr INFO CAGR edge INDIGO 2023-03 pat_10yr: DECLINE_TO_LOSS
2026-08-25 05:03:36,930 src.analytics.cagr INFO CAGR edge ADANIENSOL 2017-03 eps_3yr: ZERO_BASE
2026-08-25 05:03:36,930 src.analytics.cagr INFO CAGR edge ADANIENSOL 2018-03 eps_3yr: ZERO_BASE
2026-08-25 05:03:36,930 src.analytics.cagr INFO CAGR edge ADANIGREEN 2020-03 eps_3yr: ZERO_BASE
2026-08-25 05:03:36,930 src.analytics.cagr INFO CAGR edge ADANIGREEN 2021-03 eps_3yr: TURNAROUND
2026-08-25 05:03:36,930 src.analytics.cagr INFO CAGR edge ADANIGREEN 2022-03 eps_3yr: TURNAROUND
2026-08-25 05:03:36,930 src.analytics.cagr INFO CAGR edge ADANIGREEN 2023-03 eps_3yr: ZERO_BASE
2026-08-25 05:03:36,930 src.analytics.cagr INFO CAGR edge ADANIPOWER 2016-03 eps_3yr: TURNAROUND
2026-08-25 05:03:36,931 src.analytics.cagr INFO CAGR edge ADANIPOWER 2017-03 eps_3yr: BOTH_NEGATIVE
2026-08-25 05:03:36,931 src.analytics.cagr INFO CAGR edge ADANIPOWER 2018-03 eps_3yr: BOTH_NEGATIVE
2026-08-25 05:03:36,931 src.analytics.cagr INFO CAGR edge ADANIPOWER 2019-03 eps_3yr: DECLINE_TO_LOSS
2026-08-25 05:03:36,931 src.analytics.cagr INFO CAGR edge ADANIPOWER 2020-03 eps_3yr: BOTH_NEGATIVE
2026-08-25 05:03:36,931 src.analytics.cagr INFO CAGR edge ADANIPOWER 2021-03 eps_3yr: TURNAROUND
2026-08-25 05:03:36,931 src.analytics.cagr INFO CAGR edge ADANIPOWER 2022-03 eps_3yr: TURNAROUND
2026-08-25 05:03:36,931 src.analytics.cagr INFO CAGR edge ADANIPOWER 2023-03 eps_3yr: TURNAROUND
2026-08-25 05:03:36,932 src.analytics.cagr INFO CAGR edge BANKBARODA 2016-03 eps_3yr: DECLINE_TO_LOSS
2026-08-25 05:03:36,932 src.analytics.cagr INFO CAGR edge BANKBARODA 2018-03 eps_3yr: DECLINE_TO_LOSS
2026-08-25 05:03:36,932 src.analytics.cagr INFO CAGR edge BANKBARODA 2019-03 eps_3yr: TURNAROUND
2026-08-25 05:03:36,932 src.analytics.cagr INFO CAGR edge BANKBARODA 2021-03 eps_3yr: TURNAROUND
2026-08-25 05:03:36,932 src.analytics.cagr INFO CAGR edge BHARTIARTL 2020-03 eps_3yr: DECLINE_TO_LOSS
2026-08-25 05:03:36,932 src.analytics.cagr INFO CAGR edge BHARTIARTL 2021-03 eps_3yr: DECLINE_TO_LOSS
2026-08-25 05:03:36,932 src.analytics.cagr INFO CAGR edge BHARTIARTL 2023-03 eps_3yr: TURNAROUND
2026-08-25 05:03:36,932 src.analytics.cagr INFO CAGR edge BHARTIARTL 2024-03 eps_3yr: TURNAROUND
2026-08-25 05:03:36,933 src.analytics.cagr INFO CAGR edge BHEL 2016-03 eps_3yr: DECLINE_TO_LOSS
2026-08-25 05:03:36,933 src.analytics.cagr INFO CAGR edge BHEL 2019-03 eps_3yr: TURNAROUND
2026-08-25 05:03:36,933 src.analytics.cagr INFO CAGR edge BHEL 2020-03 eps_3yr: DECLINE_TO_LOSS
2026-08-25 05:03:36,933 src.analytics.cagr INFO CAGR edge BHEL 2021-03 eps_3yr: DECLINE_TO_LOSS
2026-08-25 05:03:36,933 src.analytics.cagr INFO CAGR edge BHEL 2023-03 eps_3yr: TURNAROUND
2026-08-25 05:03:36,933 src.analytics.cagr INFO CAGR edge BHEL 2024-03 eps_3yr: TURNAROUND
2026-08-25 05:03:36,933 src.analytics.cagr INFO CAGR edge CANBK 2016-03 eps_3yr: DECLINE_TO_LOSS
2026-08-25 05:03:36,933 src.analytics.cagr INFO CAGR edge CANBK 2018-03 eps_3yr: DECLINE_TO_LOSS
2026-08-25 05:03:36,933 src.analytics.cagr INFO CAGR edge CANBK 2019-03 eps_3yr: TURNAROUND
2026-08-25 05:03:36,933 src.analytics.cagr INFO CAGR edge CANBK 2020-03 eps_3yr: DECLINE_TO_LOSS
2026-08-25 05:03:36,934 src.analytics.cagr INFO CAGR edge CANBK 2021-03 eps_3yr: TURNAROUND
2026-08-25 05:03:36,934 src.analytics.cagr INFO CAGR edge CANBK 2023-03 eps_3yr: TURNAROUND
2026-08-25 05:03:36,934 src.analytics.cagr INFO CAGR edge DLF 2020-03 eps_3yr: DECLINE_TO_LOSS
2026-08-25 05:03:36,934 src.analytics.cagr INFO CAGR edge DLF 2023-03 eps_3yr: TURNAROUND
2026-08-25 05:03:36,934 src.analytics.cagr INFO CAGR edge GODREJCP 2024-03 eps_3yr: DECLINE_TO_LOSS
2026-08-25 05:03:36,934 src.analytics.cagr INFO CAGR edge HINDALCO 2016-03 eps_3yr: DECLINE_TO_LOSS
2026-08-25 05:03:36,934 src.analytics.cagr INFO CAGR edge HINDALCO 2019-03 eps_3yr: TURNAROUND
2026-08-25 05:03:36,935 src.analytics.cagr INFO CAGR edge IOC 2020-03 eps_3yr: DECLINE_TO_LOSS
2026-08-25 05:03:36,935 src.analytics.cagr INFO CAGR edge IOC 2023-03 eps_3yr: TURNAROUND
2026-08-25 05:03:36,935 src.analytics.cagr INFO CAGR edge JINDALSTEL 2016-03 eps_3yr: DECLINE_TO_LOSS
2026-08-25 05:03:36,935 src.analytics.cagr INFO CAGR edge JINDALSTEL 2017-03 eps_3yr: DECLINE_TO_LOSS
2026-08-25 05:03:36,935 src.analytics.cagr INFO CAGR edge JINDALSTEL 2018-03 eps_3yr: BOTH_NEGATIVE
2026-08-25 05:03:36,935 src.analytics.cagr INFO CAGR edge JINDALSTEL 2019-03 eps_3yr: BOTH_NEGATIVE
2026-08-25 05:03:36,935 src.analytics.cagr INFO CAGR edge JINDALSTEL 2020-03 eps_3yr: BOTH_NEGATIVE
2026-08-25 05:03:36,935 src.analytics.cagr INFO CAGR edge JINDALSTEL 2021-03 eps_3yr: TURNAROUND
2026-08-25 05:03:36,936 src.analytics.cagr INFO CAGR edge JINDALSTEL 2022-03 eps_3yr: TURNAROUND
2026-08-25 05:03:36,936 src.analytics.cagr INFO CAGR edge JINDALSTEL 2023-03 eps_3yr: TURNAROUND
2026-08-25 05:03:36,936 src.analytics.cagr INFO CAGR edge JSWENERGY 2018-03 eps_3yr: DECLINE_TO_LOSS
2026-08-25 05:03:36,936 src.analytics.cagr INFO CAGR edge JSWENERGY 2021-03 eps_3yr: ZERO_BASE
2026-08-25 05:03:36,936 src.analytics.cagr INFO CAGR edge JSWSTEEL 2016-03 eps_3yr: DECLINE_TO_LOSS
2026-08-25 05:03:36,936 src.analytics.cagr INFO CAGR edge JSWSTEEL 2019-03 eps_3yr: TURNAROUND
2026-08-25 05:03:36,936 src.analytics.cagr INFO CAGR edge NAUKRI 2017-03 eps_3yr: DECLINE_TO_LOSS
2026-08-25 05:03:36,936 src.analytics.cagr INFO CAGR edge NAUKRI 2020-03 eps_3yr: BOTH_NEGATIVE
2026-08-25 05:03:36,936 src.analytics.cagr INFO CAGR edge NAUKRI 2023-03 eps_3yr: BOTH_NEGATIVE
2026-08-25 05:03:36,936 src.analytics.cagr INFO CAGR edge PNB 2016-03 eps_3yr: DECLINE_TO_LOSS
2026-08-25 05:03:36,936 src.analytics.cagr INFO CAGR edge PNB 2018-03 eps_3yr: DECLINE_TO_LOSS
2026-08-25 05:03:36,936 src.analytics.cagr INFO CAGR edge PNB 2019-03 eps_3yr: BOTH_NEGATIVE
2026-08-25 05:03:36,938 src.analytics.cagr INFO CAGR edge PNB 2021-03 eps_3yr: TURNAROUND
2026-08-25 05:03:36,938 src.analytics.cagr INFO CAGR edge PNB 2022-03 eps_3yr: TURNAROUND
2026-08-25 05:03:36,938 src.analytics.cagr INFO CAGR edge TATACONSUM 2016-03 eps_3yr: DECLINE_TO_LOSS
2026-08-25 05:03:36,938 src.analytics.cagr INFO CAGR edge TATACONSUM 2019-03 eps_3yr: ZERO_BASE
2026-08-25 05:03:36,938 src.analytics.cagr INFO CAGR edge TATAMOTORS 2019-03 eps_3yr: DECLINE_TO_LOSS
2026-08-25 05:03:36,938 src.analytics.cagr INFO CAGR edge TATAMOTORS 2020-03 eps_3yr: DECLINE_TO_LOSS
2026-08-25 05:03:36,938 src.analytics.cagr INFO CAGR edge TATAMOTORS 2021-03 eps_3yr: DECLINE_TO_LOSS
2026-08-25 05:03:36,939 src.analytics.cagr INFO CAGR edge TATAMOTORS 2022-03 eps_3yr: BOTH_NEGATIVE
2026-08-25 05:03:36,939 src.analytics.cagr INFO CAGR edge TATAMOTORS 2023-03 eps_3yr: TURNAROUND
2026-08-25 05:03:36,939 src.analytics.cagr INFO CAGR edge TATAMOTORS 2024-03 eps_3yr: TURNAROUND
2026-08-25 05:03:36,939 src.analytics.cagr INFO CAGR edge TATAPOWER 2016-03 eps_3yr: ZERO_BASE
2026-08-25 05:03:36,939 src.analytics.cagr INFO CAGR edge TATAPOWER 2017-03 eps_3yr: TURNAROUND
2026-08-25 05:03:36,939 src.analytics.cagr INFO CAGR edge TATASTEEL 2016-03 eps_3yr: BOTH_NEGATIVE
2026-08-25 05:03:36,939 src.analytics.cagr INFO CAGR edge TATASTEEL 2017-03 eps_3yr: DECLINE_TO_LOSS
2026-08-25 05:03:36,939 src.analytics.cagr INFO CAGR edge TATASTEEL 2018-03 eps_3yr: TURNAROUND
2026-08-25 05:03:36,939 src.analytics.cagr INFO CAGR edge TATASTEEL 2019-03 eps_3yr: ZERO_BASE
2026-08-25 05:03:36,939 src.analytics.cagr INFO CAGR edge TATASTEEL 2020-03 eps_3yr: TURNAROUND
2026-08-25 05:03:36,940 src.analytics.cagr INFO CAGR edge TATASTEEL 2024-03 eps_3yr: DECLINE_TO_LOSS
2026-08-25 05:03:36,940 src.analytics.cagr INFO CAGR edge TRENT 2016-03 eps_3yr: TURNAROUND
2026-08-25 05:03:36,940 src.analytics.cagr INFO CAGR edge TRENT 2017-03 eps_3yr: TURNAROUND
2026-08-25 05:03:36,940 src.analytics.cagr INFO CAGR edge TRENT 2021-03 eps_3yr: DECLINE_TO_LOSS
2026-08-25 05:03:36,940 src.analytics.cagr INFO CAGR edge TRENT 2024-03 eps_3yr: TURNAROUND
2026-08-25 05:03:36,940 src.analytics.cagr INFO CAGR edge INDIGO 2020-03 eps_3yr: DECLINE_TO_LOSS
2026-08-25 05:03:36,940 src.analytics.cagr INFO CAGR edge INDIGO 2021-03 eps_3yr: DECLINE_TO_LOSS
2026-08-25 05:03:36,940 src.analytics.cagr INFO CAGR edge INDIGO 2022-03 eps_3yr: DECLINE_TO_LOSS
2026-08-25 05:03:36,940 src.analytics.cagr INFO CAGR edge INDIGO 2023-03 eps_3yr: BOTH_NEGATIVE
2026-08-25 05:03:36,941 src.analytics.cagr INFO CAGR edge INDIGO 2024-03 eps_3yr: TURNAROUND
2026-08-25 05:03:36,942 src.analytics.cagr INFO CAGR edge ADANIENSOL 2019-03 eps_5yr: ZERO_BASE
2026-08-25 05:03:36,942 src.analytics.cagr INFO CAGR edge ADANIENSOL 2020-03 eps_5yr: ZERO_BASE
2026-08-25 05:03:36,942 src.analytics.cagr INFO CAGR edge ADANIGREEN 2022-03 eps_5yr: ZERO_BASE
2026-08-25 05:03:36,942 src.analytics.cagr INFO CAGR edge ADANIGREEN 2023-03 eps_5yr: TURNAROUND
2026-08-25 05:03:36,942 src.analytics.cagr INFO CAGR edge ADANIGREEN 2024-03 eps_5yr: TURNAROUND
2026-08-25 05:03:36,942 src.analytics.cagr INFO CAGR edge ADANIPOWER 2018-03 eps_5yr: BOTH_NEGATIVE
2026-08-25 05:03:36,943 src.analytics.cagr INFO CAGR edge ADANIPOWER 2019-03 eps_5yr: BOTH_NEGATIVE
2026-08-25 05:03:36,943 src.analytics.cagr INFO CAGR edge ADANIPOWER 2020-03 eps_5yr: BOTH_NEGATIVE
2026-08-25 05:03:36,946 src.analytics.cagr INFO CAGR edge ADANIPOWER 2022-03 eps_5yr: TURNAROUND
2026-08-25 05:03:36,946 src.analytics.cagr INFO CAGR edge ADANIPOWER 2023-03 eps_5yr: TURNAROUND
2026-08-25 05:03:36,946 src.analytics.cagr INFO CAGR edge ADANIPOWER 2024-03 eps_5yr: TURNAROUND
2026-08-25 05:03:36,946 src.analytics.cagr INFO CAGR edge BANKBARODA 2018-03 eps_5yr: DECLINE_TO_LOSS
2026-08-25 05:03:36,946 src.analytics.cagr INFO CAGR edge BANKBARODA 2021-03 eps_5yr: TURNAROUND
2026-08-25 05:03:36,946 src.analytics.cagr INFO CAGR edge BANKBARODA 2023-03 eps_5yr: TURNAROUND
2026-08-25 05:03:36,948 src.analytics.cagr INFO CAGR edge BHARTIARTL 2020-03 eps_5yr: DECLINE_TO_LOSS
2026-08-25 05:03:36,948 src.analytics.cagr INFO CAGR edge BHARTIARTL 2021-03 eps_5yr: DECLINE_TO_LOSS
2026-08-25 05:03:36,948 src.analytics.cagr INFO CAGR edge BHEL 2020-03 eps_5yr: DECLINE_TO_LOSS
2026-08-25 05:03:36,948 src.analytics.cagr INFO CAGR edge BHEL 2021-03 eps_5yr: BOTH_NEGATIVE
2026-08-25 05:03:36,948 src.analytics.cagr INFO CAGR edge CANBK 2018-03 eps_5yr: DECLINE_TO_LOSS
2026-08-25 05:03:36,948 src.analytics.cagr INFO CAGR edge CANBK 2020-03 eps_5yr: DECLINE_TO_LOSS
2026-08-25 05:03:36,949 src.analytics.cagr INFO CAGR edge CANBK 2021-03 eps_5yr: TURNAROUND
2026-08-25 05:03:36,949 src.analytics.cagr INFO CAGR edge CANBK 2023-03 eps_5yr: TURNAROUND
2026-08-25 05:03:36,949 src.analytics.cagr INFO CAGR edge DLF 2020-03 eps_5yr: DECLINE_TO_LOSS
2026-08-25 05:03:36,950 src.analytics.cagr INFO CAGR edge GODREJCP 2024-03 eps_5yr: DECLINE_TO_LOSS
2026-08-25 05:03:36,950 src.analytics.cagr INFO CAGR edge HINDALCO 2021-03 eps_5yr: TURNAROUND
2026-08-25 05:03:36,950 src.analytics.cagr INFO CAGR edge IOC 2020-03 eps_5yr: DECLINE_TO_LOSS
2026-08-25 05:03:36,951 src.analytics.cagr INFO CAGR edge JINDALSTEL 2018-03 eps_5yr: DECLINE_TO_LOSS
2026-08-25 05:03:36,951 src.analytics.cagr INFO CAGR edge JINDALSTEL 2019-03 eps_5yr: DECLINE_TO_LOSS
2026-08-25 05:03:36,951 src.analytics.cagr INFO CAGR edge JINDALSTEL 2020-03 eps_5yr: BOTH_NEGATIVE
2026-08-25 05:03:36,951 src.analytics.cagr INFO CAGR edge JINDALSTEL 2021-03 eps_5yr: TURNAROUND
2026-08-25 05:03:36,951 src.analytics.cagr INFO CAGR edge JINDALSTEL 2022-03 eps_5yr: TURNAROUND
2026-08-25 05:03:36,951 src.analytics.cagr INFO CAGR edge JINDALSTEL 2023-03 eps_5yr: TURNAROUND
2026-08-25 05:03:36,952 src.analytics.cagr INFO CAGR edge JINDALSTEL 2024-03 eps_5yr: TURNAROUND
2026-08-25 05:03:36,952 src.analytics.cagr INFO CAGR edge JSWENERGY 2018-03 eps_5yr: DECLINE_TO_LOSS
2026-08-25 05:03:36,952 src.analytics.cagr INFO CAGR edge JSWENERGY 2023-03 eps_5yr: ZERO_BASE
2026-08-25 05:03:36,952 src.analytics.cagr INFO CAGR edge JSWSTEEL 2021-03 eps_5yr: TURNAROUND
2026-08-25 05:03:36,953 src.analytics.cagr INFO CAGR edge NAUKRI 2020-03 eps_5yr: DECLINE_TO_LOSS
2026-08-25 05:03:36,953 src.analytics.cagr INFO CAGR edge NAUKRI 2022-03 eps_5yr: TURNAROUND
2026-08-25 05:03:36,953 src.analytics.cagr INFO CAGR edge NAUKRI 2023-03 eps_5yr: DECLINE_TO_LOSS
2026-08-25 05:03:36,953 src.analytics.cagr INFO CAGR edge PNB 2018-03 eps_5yr: DECLINE_TO_LOSS
2026-08-25 05:03:36,953 src.analytics.cagr INFO CAGR edge PNB 2019-03 eps_5yr: DECLINE_TO_LOSS
2026-08-25 05:03:36,954 src.analytics.cagr INFO CAGR edge PNB 2021-03 eps_5yr: TURNAROUND
2026-08-25 05:03:36,954 src.analytics.cagr INFO CAGR edge PNB 2023-03 eps_5yr: TURNAROUND
2026-08-25 05:03:36,954 src.analytics.cagr INFO CAGR edge PNB 2024-03 eps_5yr: TURNAROUND
2026-08-25 05:03:36,954 src.analytics.cagr INFO CAGR edge TATACONSUM 2021-03 eps_5yr: ZERO_BASE
2026-08-25 05:03:36,954 src.analytics.cagr INFO CAGR edge TATAMOTORS 2019-03 eps_5yr: DECLINE_TO_LOSS
2026-08-25 05:03:36,954 src.analytics.cagr INFO CAGR edge TATAMOTORS 2020-03 eps_5yr: DECLINE_TO_LOSS
2026-08-25 05:03:36,955 src.analytics.cagr INFO CAGR edge TATAMOTORS 2021-03 eps_5yr: DECLINE_TO_LOSS
2026-08-25 05:03:36,955 src.analytics.cagr INFO CAGR edge TATAMOTORS 2022-03 eps_5yr: DECLINE_TO_LOSS
2026-08-25 05:03:36,955 src.analytics.cagr INFO CAGR edge TATAMOTORS 2024-03 eps_5yr: TURNAROUND
2026-08-25 05:03:36,955 src.analytics.cagr INFO CAGR edge TATAPOWER 2018-03 eps_5yr: ZERO_BASE
2026-08-25 05:03:36,955 src.analytics.cagr INFO CAGR edge TATAPOWER 2019-03 eps_5yr: TURNAROUND
2026-08-25 05:03:36,955 src.analytics.cagr INFO CAGR edge TATASTEEL 2018-03 eps_5yr: TURNAROUND
2026-08-25 05:03:36,955 src.analytics.cagr INFO CAGR edge TATASTEEL 2020-03 eps_5yr: TURNAROUND
2026-08-25 05:03:36,955 src.analytics.cagr INFO CAGR edge TATASTEEL 2021-03 eps_5yr: ZERO_BASE
2026-08-25 05:03:36,956 src.analytics.cagr INFO CAGR edge TATASTEEL 2022-03 eps_5yr: TURNAROUND
2026-08-25 05:03:36,956 src.analytics.cagr INFO CAGR edge TATASTEEL 2024-03 eps_5yr: DECLINE_TO_LOSS
2026-08-25 05:03:36,956 src.analytics.cagr INFO CAGR edge TRENT 2018-03 eps_5yr: TURNAROUND
2026-08-25 05:03:36,956 src.analytics.cagr INFO CAGR edge TRENT 2019-03 eps_5yr: TURNAROUND
2026-08-25 05:03:36,956 src.analytics.cagr INFO CAGR edge TRENT 2021-03 eps_5yr: DECLINE_TO_LOSS
2026-08-25 05:03:36,956 src.analytics.cagr INFO CAGR edge INDIGO 2020-03 eps_5yr: DECLINE_TO_LOSS
2026-08-25 05:03:36,956 src.analytics.cagr INFO CAGR edge INDIGO 2021-03 eps_5yr: DECLINE_TO_LOSS
2026-08-25 05:03:36,956 src.analytics.cagr INFO CAGR edge INDIGO 2022-03 eps_5yr: DECLINE_TO_LOSS
2026-08-25 05:03:36,956 src.analytics.cagr INFO CAGR edge INDIGO 2023-03 eps_5yr: DECLINE_TO_LOSS
2026-08-25 05:03:36,959 src.analytics.cagr INFO CAGR edge ADANIENSOL 2024-03 eps_10yr: ZERO_BASE
2026-08-25 05:03:36,959 src.analytics.cagr INFO CAGR edge ADANIPOWER 2023-03 eps_10yr: TURNAROUND
2026-08-25 05:03:36,959 src.analytics.cagr INFO CAGR edge ADANIPOWER 2024-03 eps_10yr: TURNAROUND
2026-08-25 05:03:36,960 src.analytics.cagr INFO CAGR edge GODREJCP 2024-03 eps_10yr: DECLINE_TO_LOSS
2026-08-25 05:03:36,961 src.analytics.cagr INFO CAGR edge NAUKRI 2023-03 eps_10yr: DECLINE_TO_LOSS
2026-08-25 05:03:36,961 src.analytics.cagr INFO CAGR edge TATAPOWER 2023-03 eps_10yr: ZERO_BASE
2026-08-25 05:03:36,961 src.analytics.cagr INFO CAGR edge TATAPOWER 2024-03 eps_10yr: TURNAROUND
2026-08-25 05:03:36,962 src.analytics.cagr INFO CAGR edge TATASTEEL 2023-03 eps_10yr: TURNAROUND
2026-08-25 05:03:36,962 src.analytics.cagr INFO CAGR edge TATASTEEL 2024-03 eps_10yr: DECLINE_TO_LOSS
2026-08-25 05:03:36,962 src.analytics.cagr INFO CAGR edge TRENT 2023-03 eps_10yr: TURNAROUND
2026-08-25 05:03:36,962 src.analytics.cagr INFO CAGR edge TRENT 2024-03 eps_10yr: TURNAROUND
2026-08-25 05:03:36,962 src.analytics.cagr INFO CAGR edge INDIGO 2023-03 eps_10yr: DECLINE_TO_LOSS
2026-08-25 05:03:37,019 src.analytics.ratios WARNING DQ-05 OPM mismatch ADANIENSOL 2024-03 computed=34.39 reported=30.00
2026-08-25 05:03:37,019 src.analytics.ratios WARNING DQ-05 OPM mismatch AXISBANK 2013-03 computed=30.58 reported=1353.00
2026-08-25 05:03:37,019 src.analytics.ratios WARNING DQ-05 OPM mismatch AXISBANK 2014-03 computed=31.47 reported=2307.00
2026-08-25 05:03:37,019 src.analytics.ratios WARNING DQ-05 OPM mismatch AXISBANK 2015-03 computed=31.36 reported=3097.00
2026-08-25 05:03:37,020 src.analytics.ratios WARNING DQ-05 OPM mismatch AXISBANK 2016-03 computed=32.61 reported=3466.00
2026-08-25 05:03:37,020 src.analytics.ratios WARNING DQ-05 OPM mismatch AXISBANK 2017-03 computed=53.45 reported=-5715.00
2026-08-25 05:03:37,020 src.analytics.ratios WARNING DQ-05 OPM mismatch AXISBANK 2018-03 computed=63.12 reported=-10277.00
2026-08-25 05:03:37,020 src.analytics.ratios WARNING DQ-05 OPM mismatch AXISBANK 2019-03 computed=49.39 reported=-5447.00
2026-08-25 05:03:37,020 src.analytics.ratios WARNING DQ-05 OPM mismatch AXISBANK 2020-03 computed=55.98 reported=-9859.00
2026-08-25 05:03:37,020 src.analytics.ratios WARNING DQ-05 OPM mismatch AXISBANK 2021-03 computed=50.12 reported=-2510.00
2026-08-25 05:03:37,020 src.analytics.ratios WARNING DQ-05 OPM mismatch AXISBANK 2022-03 computed=44.47 reported=3170.00
2026-08-25 05:03:37,020 src.analytics.ratios WARNING DQ-05 OPM mismatch AXISBANK 2023-03 computed=34.16 reported=13857.00
2026-08-25 05:03:37,020 src.analytics.ratios WARNING DQ-05 OPM mismatch AXISBANK 2024-03 computed=34.69 reported=11952.00
2026-08-25 05:03:37,021 src.analytics.ratios WARNING DQ-05 OPM mismatch BAJFINANCE 2015-03 computed=32.49 reported=1367.00
2026-08-25 05:03:37,021 src.analytics.ratios WARNING DQ-05 OPM mismatch BAJFINANCE 2016-03 computed=32.25 reported=1986.00
2026-08-25 05:03:37,021 src.analytics.ratios WARNING DQ-05 OPM mismatch BAJFINANCE 2017-03 computed=32.60 reported=2867.00
2026-08-25 05:03:37,021 src.analytics.ratios WARNING DQ-05 OPM mismatch BAJFINANCE 2018-03 computed=32.28 reported=3935.00
2026-08-25 05:03:37,021 src.analytics.ratios WARNING DQ-05 OPM mismatch BAJFINANCE 2019-03 computed=29.50 reported=6310.00
2026-08-25 05:03:37,021 src.analytics.ratios WARNING DQ-05 OPM mismatch BAJFINANCE 2020-03 computed=34.73 reported=7608.00
2026-08-25 05:03:37,021 src.analytics.ratios WARNING DQ-05 OPM mismatch BAJFINANCE 2021-03 computed=40.64 reported=6314.00
2026-08-25 05:03:37,021 src.analytics.ratios WARNING DQ-05 OPM mismatch BAJFINANCE 2022-03 computed=37.55 reported=9906.00
2026-08-25 05:03:37,022 src.analytics.ratios WARNING DQ-05 OPM mismatch BAJFINANCE 2023-03 computed=30.65 reported=16018.00
2026-08-25 05:03:37,022 src.analytics.ratios WARNING DQ-05 OPM mismatch BAJFINANCE 2024-03 computed=29.29 reported=19987.00
2026-08-25 05:03:37,022 src.analytics.ratios WARNING DQ-05 OPM mismatch BANKBARODA 2013-03 computed=30.05 reported=1006.00
2026-08-25 05:03:37,022 src.analytics.ratios WARNING DQ-05 OPM mismatch BANKBARODA 2014-03 computed=29.78 reported=809.00
2026-08-25 05:03:37,022 src.analytics.ratios WARNING DQ-05 OPM mismatch BANKBARODA 2015-03 computed=29.98 reported=902.00
2026-08-25 05:03:37,022 src.analytics.ratios WARNING DQ-05 OPM mismatch BANKBARODA 2016-03 computed=55.44 reported=-11700.00
2026-08-25 05:03:37,022 src.analytics.ratios WARNING DQ-05 OPM mismatch BANKBARODA 2017-03 computed=43.28 reported=-4372.00
2026-08-25 05:03:37,022 src.analytics.ratios WARNING DQ-05 OPM mismatch BANKBARODA 2018-03 computed=56.65 reported=-9197.00
2026-08-25 05:03:37,022 src.analytics.ratios WARNING DQ-05 OPM mismatch BANKBARODA 2019-03 computed=48.79 reported=-5414.00
2026-08-25 05:03:37,022 src.analytics.ratios WARNING DQ-05 OPM mismatch BANKBARODA 2020-03 computed=51.44 reported=-11728.00
2026-08-25 05:03:37,023 src.analytics.ratios WARNING DQ-05 OPM mismatch BANKBARODA 2021-03 computed=51.23 reported=-6957.00
2026-08-25 05:03:37,023 src.analytics.ratios WARNING DQ-05 OPM mismatch BANKBARODA 2022-03 computed=51.12 reported=-2948.00
2026-08-25 05:03:37,023 src.analytics.ratios WARNING DQ-05 OPM mismatch BANKBARODA 2023-03 computed=40.45 reported=6329.00
2026-08-25 05:03:37,023 src.analytics.ratios WARNING DQ-05 OPM mismatch BANKBARODA 2024-03 computed=37.49 reported=4102.00
2026-08-25 05:03:37,023 src.analytics.ratios WARNING DQ-05 OPM mismatch CANBK 2013-03 computed=21.18 reported=655.00
2026-08-25 05:03:37,023 src.analytics.ratios WARNING DQ-05 OPM mismatch CANBK 2014-03 computed=24.35 reported=-672.00
2026-08-25 05:03:37,024 src.analytics.ratios WARNING DQ-05 OPM mismatch CANBK 2015-03 computed=23.51 reported=-621.00
2026-08-25 05:03:37,024 src.analytics.ratios WARNING DQ-05 OPM mismatch CANBK 2016-03 computed=40.38 reported=-8008.00
2026-08-25 05:03:37,024 src.analytics.ratios WARNING DQ-05 OPM mismatch CANBK 2017-03 computed=37.85 reported=-5775.00
2026-08-25 05:03:37,024 src.analytics.ratios WARNING DQ-05 OPM mismatch CANBK 2018-03 computed=61.87 reported=-13350.00
2026-08-25 05:03:37,024 src.analytics.ratios WARNING DQ-05 OPM mismatch CANBK 2019-03 computed=56.73 reported=-11590.00
2026-08-25 05:03:37,024 src.analytics.ratios WARNING DQ-05 OPM mismatch CANBK 2020-03 computed=53.88 reported=-12867.00
2026-08-25 05:03:37,024 src.analytics.ratios WARNING DQ-05 OPM mismatch CANBK 2021-03 computed=61.83 reported=-18367.00
2026-08-25 05:03:37,024 src.analytics.ratios WARNING DQ-05 OPM mismatch CANBK 2022-03 computed=58.39 reported=-13657.00
2026-08-25 05:03:37,025 src.analytics.ratios WARNING DQ-05 OPM mismatch CANBK 2023-03 computed=49.80 reported=-9877.00
2026-08-25 05:03:37,025 src.analytics.ratios WARNING DQ-05 OPM mismatch CANBK 2024-03 computed=41.75 reported=-7745.00
2026-08-25 05:03:37,025 src.analytics.ratios WARNING DQ-05 OPM mismatch CHOLAFIN 2013-03 computed=26.77 reported=472.00
2026-08-25 05:03:37,025 src.analytics.ratios WARNING DQ-05 OPM mismatch CHOLAFIN 2014-03 computed=28.42 reported=578.00
2026-08-25 05:03:37,025 src.analytics.ratios WARNING DQ-05 OPM mismatch CHOLAFIN 2015-03 computed=28.56 reported=696.00
2026-08-25 05:03:37,025 src.analytics.ratios WARNING DQ-05 OPM mismatch CHOLAFIN 2016-03 computed=30.04 reported=899.00
2026-08-25 05:03:37,025 src.analytics.ratios WARNING DQ-05 OPM mismatch CHOLAFIN 2017-03 computed=28.16 reported=1143.00
2026-08-25 05:03:37,025 src.analytics.ratios WARNING DQ-05 OPM mismatch CHOLAFIN 2018-03 computed=26.10 reported=1451.00
2026-08-25 05:03:37,025 src.analytics.ratios WARNING DQ-05 OPM mismatch CHOLAFIN 2019-03 computed=22.96 reported=1888.00
2026-08-25 05:03:37,025 src.analytics.ratios WARNING DQ-05 OPM mismatch CHOLAFIN 2020-03 computed=27.79 reported=1699.00
2026-08-25 05:03:37,026 src.analytics.ratios WARNING DQ-05 OPM mismatch CHOLAFIN 2021-03 computed=30.40 reported=2094.00
2026-08-25 05:03:37,026 src.analytics.ratios WARNING DQ-05 OPM mismatch CHOLAFIN 2022-03 computed=28.83 reported=2924.00
2026-08-25 05:03:37,026 src.analytics.ratios WARNING DQ-05 OPM mismatch CHOLAFIN 2023-03 computed=28.10 reported=3515.00
2026-08-25 05:03:37,026 src.analytics.ratios WARNING DQ-05 OPM mismatch CHOLAFIN 2024-03 computed=28.10 reported=4548.00
2026-08-25 05:03:37,026 src.analytics.ratios WARNING DQ-05 OPM mismatch CIPLA 2013-03 computed=73.26 reported=2214.00
2026-08-25 05:03:37,026 src.analytics.ratios WARNING DQ-05 OPM mismatch CIPLA 2014-03 computed=78.90 reported=2147.00
2026-08-25 05:03:37,026 src.analytics.ratios WARNING DQ-05 OPM mismatch CIPLA 2015-03 computed=80.94 reported=2163.00
2026-08-25 05:03:37,026 src.analytics.ratios WARNING DQ-05 OPM mismatch CIPLA 2016-03 computed=82.02 reported=2480.00
2026-08-25 05:03:37,026 src.analytics.ratios WARNING DQ-05 OPM mismatch CIPLA 2017-03 computed=82.66 reported=2496.00
2026-08-25 05:03:37,026 src.analytics.ratios WARNING DQ-05 OPM mismatch CIPLA 2018-03 computed=81.35 reported=2826.00
2026-08-25 05:03:37,026 src.analytics.ratios WARNING DQ-05 OPM mismatch CIPLA 2019-03 computed=81.07 reported=3097.00
2026-08-25 05:03:37,026 src.analytics.ratios WARNING DQ-05 OPM mismatch CIPLA 2020-03 computed=81.29 reported=3206.00
2026-08-25 05:03:37,026 src.analytics.ratios WARNING DQ-05 OPM mismatch CIPLA 2021-03 computed=77.80 reported=4252.00
2026-08-25 05:03:37,028 src.analytics.ratios WARNING DQ-05 OPM mismatch CIPLA 2022-03 computed=79.08 reported=4553.00
2026-08-25 05:03:37,028 src.analytics.ratios WARNING DQ-05 OPM mismatch CIPLA 2023-03 computed=77.91 reported=5027.00
2026-08-25 05:03:37,028 src.analytics.ratios WARNING DQ-05 OPM mismatch CIPLA 2024-03 computed=75.59 reported=6291.00
2026-08-25 05:03:37,028 src.analytics.ratios WARNING DQ-05 OPM mismatch COALINDIA 2013-03 computed=73.52 reported=18087.00
2026-08-25 05:03:37,028 src.analytics.ratios WARNING DQ-05 OPM mismatch COALINDIA 2014-03 computed=74.84 reported=17766.00
2026-08-25 05:03:37,028 src.analytics.ratios WARNING DQ-05 OPM mismatch COALINDIA 2015-03 computed=76.60 reported=17343.00
2026-08-25 05:03:37,028 src.analytics.ratios WARNING DQ-05 OPM mismatch COALINDIA 2016-03 computed=75.96 reported=18714.00
2026-08-25 05:03:37,028 src.analytics.ratios WARNING DQ-05 OPM mismatch COALINDIA 2017-03 computed=84.07 reported=12448.00
2026-08-25 05:03:37,028 src.analytics.ratios WARNING DQ-05 OPM mismatch COALINDIA 2018-03 computed=89.10 reported=9288.00
2026-08-25 05:03:37,029 src.analytics.ratios WARNING DQ-05 OPM mismatch COALINDIA 2019-03 computed=74.89 reported=25007.00
2026-08-25 05:03:37,029 src.analytics.ratios WARNING DQ-05 OPM mismatch COALINDIA 2020-03 computed=77.54 reported=21581.00
2026-08-25 05:03:37,029 src.analytics.ratios WARNING DQ-05 OPM mismatch COALINDIA 2021-03 computed=79.31 reported=18628.00
2026-08-25 05:03:37,029 src.analytics.ratios WARNING DQ-05 OPM mismatch COALINDIA 2022-03 computed=77.47 reported=24721.00
2026-08-25 05:03:37,029 src.analytics.ratios WARNING DQ-05 OPM mismatch COALINDIA 2023-03 computed=68.01 reported=44232.00
2026-08-25 05:03:37,029 src.analytics.ratios WARNING DQ-05 OPM mismatch COALINDIA 2024-03 computed=66.29 reported=47971.00
2026-08-25 05:03:37,030 src.analytics.ratios WARNING DQ-05 OPM mismatch HDFCBANK 2013-03 computed=35.22 reported=3534.00
2026-08-25 05:03:37,030 src.analytics.ratios WARNING DQ-05 OPM mismatch HDFCBANK 2014-03 computed=31.74 reported=5602.00
2026-08-25 05:03:37,030 src.analytics.ratios WARNING DQ-05 OPM mismatch HDFCBANK 2015-03 computed=31.90 reported=7214.00
2026-08-25 05:03:37,030 src.analytics.ratios WARNING DQ-05 OPM mismatch HDFCBANK 2016-03 computed=31.75 reported=9037.00
2026-08-25 05:03:37,031 src.analytics.ratios WARNING DQ-05 OPM mismatch HDFCBANK 2017-03 computed=32.56 reported=11374.00
2026-08-25 05:03:37,031 src.analytics.ratios WARNING DQ-05 OPM mismatch HDFCBANK 2018-03 computed=34.63 reported=13374.00
2026-08-25 05:03:37,031 src.analytics.ratios WARNING DQ-05 OPM mismatch HDFCBANK 2019-03 computed=33.15 reported=16592.00
2026-08-25 05:03:37,031 src.analytics.ratios WARNING DQ-05 OPM mismatch HDFCBANK 2020-03 computed=37.20 reported=14593.00
2026-08-25 05:03:37,031 src.analytics.ratios WARNING DQ-05 OPM mismatch HDFCBANK 2021-03 computed=40.81 reported=16848.00
2026-08-25 05:03:37,031 src.analytics.ratios WARNING DQ-05 OPM mismatch HDFCBANK 2022-03 computed=41.61 reported=20795.00
2026-08-25 05:03:37,031 src.analytics.ratios WARNING DQ-05 OPM mismatch HDFCBANK 2023-03 computed=36.92 reported=29932.00
2026-08-25 05:03:37,031 src.analytics.ratios WARNING DQ-05 OPM mismatch HDFCBANK 2024-03 computed=61.41 reported=-44685.00
2026-08-25 05:03:37,032 src.analytics.ratios WARNING DQ-05 OPM mismatch HDFCLIFE 2013-03 computed=96.27 reported=525.00
2026-08-25 05:03:37,032 src.analytics.ratios WARNING DQ-05 OPM mismatch HDFCLIFE 2014-03 computed=96.48 reported=605.00
2026-08-25 05:03:37,032 src.analytics.ratios WARNING DQ-05 OPM mismatch HDFCLIFE 2015-03 computed=96.79 reported=874.00
2026-08-25 05:03:37,032 src.analytics.ratios WARNING DQ-05 OPM mismatch HDFCLIFE 2016-03 computed=94.74 reported=953.00
2026-08-25 05:03:37,032 src.analytics.ratios WARNING DQ-05 OPM mismatch HDFCLIFE 2017-03 computed=96.83 reported=972.00
2026-08-25 05:03:37,032 src.analytics.ratios WARNING DQ-05 OPM mismatch HDFCLIFE 2018-03 computed=96.67 reported=1074.00
2026-08-25 05:03:37,032 src.analytics.ratios WARNING DQ-05 OPM mismatch HDFCLIFE 2019-03 computed=96.87 reported=1215.00
2026-08-25 05:03:37,032 src.analytics.ratios WARNING DQ-05 OPM mismatch HDFCLIFE 2020-03 computed=96.12 reported=1141.00
2026-08-25 05:03:37,033 src.analytics.ratios WARNING DQ-05 OPM mismatch HDFCLIFE 2021-03 computed=98.27 reported=1235.00
2026-08-25 05:03:37,033 src.analytics.ratios WARNING DQ-05 OPM mismatch HDFCLIFE 2022-03 computed=98.84 reported=778.00
2026-08-25 05:03:37,033 src.analytics.ratios WARNING DQ-05 OPM mismatch HDFCLIFE 2023-03 computed=99.89 reported=80.00
2026-08-25 05:03:37,033 src.analytics.ratios WARNING DQ-05 OPM mismatch HDFCLIFE 2024-03 computed=99.48 reported=531.00
2026-08-25 05:03:37,033 src.analytics.ratios WARNING DQ-05 OPM mismatch HEROMOTOCO 2014-03 computed=85.94 reported=3553.00
2026-08-25 05:03:37,033 src.analytics.ratios WARNING DQ-05 OPM mismatch HEROMOTOCO 2015-03 computed=87.22 reported=3520.00
2026-08-25 05:03:37,033 src.analytics.ratios WARNING DQ-05 OPM mismatch HEROMOTOCO 2016-03 computed=84.45 reported=4424.00
2026-08-25 05:03:37,034 src.analytics.ratios WARNING DQ-05 OPM mismatch HEROMOTOCO 2017-03 computed=83.97 reported=4585.00
2026-08-25 05:03:37,034 src.analytics.ratios WARNING DQ-05 OPM mismatch HEROMOTOCO 2018-03 computed=83.57 reported=5334.00
2026-08-25 05:03:37,034 src.analytics.ratios WARNING DQ-05 OPM mismatch HEROMOTOCO 2019-03 computed=85.21 reported=5025.00
2026-08-25 05:03:37,034 src.analytics.ratios WARNING DQ-05 OPM mismatch HEROMOTOCO 2020-03 computed=86.09 reported=4070.00
2026-08-25 05:03:37,034 src.analytics.ratios WARNING DQ-05 OPM mismatch HEROMOTOCO 2021-03 computed=86.90 reported=4058.00
2026-08-25 05:03:37,034 src.analytics.ratios WARNING DQ-05 OPM mismatch HEROMOTOCO 2022-03 computed=88.98 reported=3256.00
2026-08-25 05:03:37,035 src.analytics.ratios WARNING DQ-05 OPM mismatch HEROMOTOCO 2023-03 computed=88.00 reported=4099.00
2026-08-25 05:03:37,035 src.analytics.ratios WARNING DQ-05 OPM mismatch HEROMOTOCO 2024-03 computed=86.15 reported=5235.00
2026-08-25 05:03:37,035 src.analytics.ratios WARNING DQ-05 OPM mismatch HINDALCO 2013-03 computed=90.40 reported=7699.00
2026-08-25 05:03:37,035 src.analytics.ratios WARNING DQ-05 OPM mismatch HINDALCO 2014-03 computed=90.85 reported=8024.00
2026-08-25 05:03:37,035 src.analytics.ratios WARNING DQ-05 OPM mismatch HINDALCO 2015-03 computed=91.52 reported=8844.00
2026-08-25 05:03:37,035 src.analytics.ratios WARNING DQ-05 OPM mismatch HINDALCO 2016-03 computed=92.12 reported=7778.00
2026-08-25 05:03:37,035 src.analytics.ratios WARNING DQ-05 OPM mismatch HINDALCO 2017-03 computed=87.71 reported=12317.00
2026-08-25 05:03:37,035 src.analytics.ratios WARNING DQ-05 OPM mismatch HINDALCO 2018-03 computed=88.11 reported=13695.00
2026-08-25 05:03:37,036 src.analytics.ratios WARNING DQ-05 OPM mismatch HINDALCO 2019-03 computed=88.12 reported=15511.00
2026-08-25 05:03:37,036 src.analytics.ratios WARNING DQ-05 OPM mismatch HINDALCO 2020-03 computed=87.89 reported=14306.00
2026-08-25 05:03:37,036 src.analytics.ratios WARNING DQ-05 OPM mismatch HINDALCO 2021-03 computed=86.70 reported=17559.00
2026-08-25 05:03:37,036 src.analytics.ratios WARNING DQ-05 OPM mismatch HINDALCO 2022-03 computed=85.47 reported=28347.00
2026-08-25 05:03:37,036 src.analytics.ratios WARNING DQ-05 OPM mismatch HINDALCO 2023-03 computed=89.85 reported=22666.00
2026-08-25 05:03:37,036 src.analytics.ratios WARNING DQ-05 OPM mismatch HINDALCO 2024-03 computed=88.95 reported=23872.00
2026-08-25 05:03:37,036 src.analytics.ratios WARNING DQ-05 OPM mismatch HINDUNILVR 2013-03 computed=84.37 reported=4220.00
2026-08-25 05:03:37,036 src.analytics.ratios WARNING DQ-05 OPM mismatch HINDUNILVR 2014-03 computed=83.72 reported=4759.00
2026-08-25 05:03:37,037 src.analytics.ratios WARNING DQ-05 OPM mismatch HINDUNILVR 2015-03 computed=83.07 reported=5412.00
2026-08-25 05:03:37,037 src.analytics.ratios WARNING DQ-05 OPM mismatch HINDUNILVR 2016-03 computed=81.64 reported=5910.00
2026-08-25 05:03:37,037 src.analytics.ratios WARNING DQ-05 OPM mismatch HINDUNILVR 2017-03 computed=80.92 reported=6328.00
2026-08-25 05:03:37,037 src.analytics.ratios WARNING DQ-05 OPM mismatch HINDUNILVR 2018-03 computed=78.90 reported=7499.00
2026-08-25 05:03:37,037 src.analytics.ratios WARNING DQ-05 OPM mismatch HINDUNILVR 2019-03 computed=77.41 reported=8880.00
2026-08-25 05:03:37,037 src.analytics.ratios WARNING DQ-05 OPM mismatch HINDUNILVR 2020-03 computed=75.21 reported=9861.00
2026-08-25 05:03:37,037 src.analytics.ratios WARNING DQ-05 OPM mismatch HINDUNILVR 2021-03 computed=75.28 reported=11626.00
2026-08-25 05:03:37,037 src.analytics.ratios WARNING DQ-05 OPM mismatch HINDUNILVR 2022-03 computed=75.49 reported=12857.00
2026-08-25 05:03:37,037 src.analytics.ratios WARNING DQ-05 OPM mismatch HINDUNILVR 2023-03 computed=76.65 reported=14147.00
2026-08-25 05:03:37,037 src.analytics.ratios WARNING DQ-05 OPM mismatch HINDUNILVR 2024-03 computed=76.32 reported=14659.00
2026-08-25 05:03:37,037 src.analytics.ratios WARNING DQ-05 OPM mismatch ICICIBANK 2013-03 computed=70.59 reported=-15085.00
2026-08-25 05:03:37,038 src.analytics.ratios WARNING DQ-05 OPM mismatch ICICIBANK 2014-03 computed=66.40 reported=-13084.00
2026-08-25 05:03:37,038 src.analytics.ratios WARNING DQ-05 OPM mismatch ICICIBANK 2015-03 computed=70.53 reported=-16120.00
2026-08-25 05:03:37,038 src.analytics.ratios WARNING DQ-05 OPM mismatch ICICIBANK 2016-03 computed=88.12 reported=-26955.00
2026-08-25 05:03:37,038 src.analytics.ratios WARNING DQ-05 OPM mismatch ICICIBANK 2017-03 computed=104.76 reported=-37737.00
2026-08-25 05:03:37,038 src.analytics.ratios WARNING DQ-05 OPM mismatch ICICIBANK 2018-03 computed=117.12 reported=-44906.00
2026-08-25 05:03:37,038 src.analytics.ratios WARNING DQ-05 OPM mismatch ICICIBANK 2019-03 computed=116.38 reported=-50971.00
2026-08-25 05:03:37,038 src.analytics.ratios WARNING DQ-05 OPM mismatch ICICIBANK 2020-03 computed=100.62 reported=-45190.00
2026-08-25 05:03:37,038 src.analytics.ratios WARNING DQ-05 OPM mismatch ICICIBANK 2021-03 computed=102.41 reported=-44805.00
2026-08-25 05:03:37,039 src.analytics.ratios WARNING DQ-05 OPM mismatch ICICIBANK 2022-03 computed=84.69 reported=-26558.00
2026-08-25 05:03:37,039 src.analytics.ratios WARNING DQ-05 OPM mismatch ICICIBANK 2023-03 computed=72.57 reported=-17341.00
2026-08-25 05:03:37,039 src.analytics.ratios WARNING DQ-05 OPM mismatch ICICIBANK 2024-03 computed=62.41 reported=-14152.00
2026-08-25 05:03:37,039 src.analytics.ratios WARNING DQ-05 OPM mismatch ICICIGI 2013-03 computed=104.46 reported=-178.00
2026-08-25 05:03:37,039 src.analytics.ratios WARNING DQ-05 OPM mismatch ICICIGI 2014-03 computed=105.19 reported=-225.00
2026-08-25 05:03:37,039 src.analytics.ratios WARNING DQ-05 OPM mismatch ICICIGI 2015-03 computed=105.24 reported=-221.00
2026-08-25 05:03:37,039 src.analytics.ratios WARNING DQ-05 OPM mismatch ICICIGI 2016-03 computed=87.34 reported=764.00
2026-08-25 05:03:37,040 src.analytics.ratios WARNING DQ-05 OPM mismatch ICICIGI 2017-03 computed=87.78 reported=919.00
2026-08-25 05:03:37,040 src.analytics.ratios WARNING DQ-05 OPM mismatch ICICIGI 2018-03 computed=103.79 reported=-262.00
2026-08-25 05:03:37,040 src.analytics.ratios WARNING DQ-05 OPM mismatch ICICIGI 2019-03 computed=85.05 reported=1669.00
2026-08-25 05:03:37,040 src.analytics.ratios WARNING DQ-05 OPM mismatch ICICIGI 2020-03 computed=84.61 reported=1772.00
2026-08-25 05:03:37,040 src.analytics.ratios WARNING DQ-05 OPM mismatch ICICIGI 2021-03 computed=82.97 reported=2072.00
2026-08-25 05:03:37,040 src.analytics.ratios WARNING DQ-05 OPM mismatch ICICIGI 2022-03 computed=93.66 reported=1016.00
2026-08-25 05:03:37,041 src.analytics.ratios WARNING DQ-05 OPM mismatch ICICIGI 2023-03 computed=92.93 reported=1264.00
2026-08-25 05:03:37,041 src.analytics.ratios WARNING DQ-05 OPM mismatch ICICIGI 2024-03 computed=87.42 reported=2577.00
2026-08-25 05:03:37,041 src.analytics.ratios WARNING DQ-05 OPM mismatch ICICIPRULI 2013-03 computed=96.28 reported=745.00
2026-08-25 05:03:37,041 src.analytics.ratios WARNING DQ-05 OPM mismatch ICICIPRULI 2014-03 computed=93.13 reported=1504.00
2026-08-25 05:03:37,041 src.analytics.ratios WARNING DQ-05 OPM mismatch ICICIPRULI 2015-03 computed=95.20 reported=1655.00
2026-08-25 05:03:37,041 src.analytics.ratios WARNING DQ-05 OPM mismatch ICICIPRULI 2016-03 computed=91.17 reported=1842.00
2026-08-25 05:03:37,042 src.analytics.ratios WARNING DQ-05 OPM mismatch ICICIPRULI 2017-03 computed=95.22 reported=1806.00
2026-08-25 05:03:37,042 src.analytics.ratios WARNING DQ-05 OPM mismatch ICICIPRULI 2018-03 computed=95.44 reported=1771.00
2026-08-25 05:03:37,042 src.analytics.ratios WARNING DQ-05 OPM mismatch ICICIPRULI 2019-03 computed=98.70 reported=541.00
2026-08-25 05:03:37,042 src.analytics.ratios WARNING DQ-05 OPM mismatch ICICIPRULI 2020-03 computed=101.52 reported=-319.00
2026-08-25 05:03:37,042 src.analytics.ratios WARNING DQ-05 OPM mismatch ICICIPRULI 2021-03 computed=100.47 reported=-390.00
2026-08-25 05:03:37,042 src.analytics.ratios WARNING DQ-05 OPM mismatch ICICIPRULI 2022-03 computed=103.40 reported=-2163.00
2026-08-25 05:03:37,042 src.analytics.ratios WARNING DQ-05 OPM mismatch ICICIPRULI 2023-03 computed=103.48 reported=-1757.00
2026-08-25 05:03:37,042 src.analytics.ratios WARNING DQ-05 OPM mismatch ICICIPRULI 2024-03 computed=102.03 reported=-1829.00
2026-08-25 05:03:37,042 src.analytics.ratios WARNING DQ-05 OPM mismatch INDUSINDBK 2013-03 computed=27.88 reported=286.00
2026-08-25 05:03:37,043 src.analytics.ratios WARNING DQ-05 OPM mismatch INDUSINDBK 2014-03 computed=30.95 reported=335.00
2026-08-25 05:03:37,043 src.analytics.ratios WARNING DQ-05 OPM mismatch INDUSINDBK 2015-03 computed=32.33 reported=288.00
2026-08-25 05:03:37,043 src.analytics.ratios WARNING DQ-05 OPM mismatch INDUSINDBK 2016-03 computed=35.28 reported=329.00
2026-08-25 05:03:37,043 src.analytics.ratios WARNING DQ-05 OPM mismatch INDUSINDBK 2017-03 computed=39.46 reported=379.00
2026-08-25 05:03:37,043 src.analytics.ratios WARNING DQ-05 OPM mismatch INDUSINDBK 2018-03 computed=37.93 reported=942.00
2026-08-25 05:03:37,043 src.analytics.ratios WARNING DQ-05 OPM mismatch INDUSINDBK 2019-03 computed=41.70 reported=-437.00
2026-08-25 05:03:37,043 src.analytics.ratios WARNING DQ-05 OPM mismatch INDUSINDBK 2020-03 computed=43.81 reported=-553.00
2026-08-25 05:03:37,043 src.analytics.ratios WARNING DQ-05 OPM mismatch INDUSINDBK 2021-03 computed=55.16 reported=-2469.00
2026-08-25 05:03:37,043 src.analytics.ratios WARNING DQ-05 OPM mismatch INDUSINDBK 2022-03 computed=51.39 reported=-839.00
2026-08-25 05:03:37,044 src.analytics.ratios WARNING DQ-05 OPM mismatch INDUSINDBK 2023-03 computed=42.69 reported=2067.00
2026-08-25 05:03:37,044 src.analytics.ratios WARNING DQ-05 OPM mismatch INDUSINDBK 2024-03 computed=38.55 reported=2978.00
2026-08-25 05:03:37,044 src.analytics.ratios WARNING DQ-05 OPM mismatch JIOFIN 2023-03 computed=86.67 reported=88.00
2026-08-25 05:03:37,044 src.analytics.ratios WARNING DQ-05 OPM mismatch KOTAKBANK 2013-03 computed=60.92 reported=-1789.00
2026-08-25 05:03:37,044 src.analytics.ratios WARNING DQ-05 OPM mismatch KOTAKBANK 2014-03 computed=58.84 reported=-1379.00
2026-08-25 05:03:37,045 src.analytics.ratios WARNING DQ-05 OPM mismatch KOTAKBANK 2015-03 computed=72.96 reported=-3366.00
2026-08-25 05:03:37,045 src.analytics.ratios WARNING DQ-05 OPM mismatch KOTAKBANK 2016-03 computed=56.57 reported=-2263.00
2026-08-25 05:03:37,045 src.analytics.ratios WARNING DQ-05 OPM mismatch KOTAKBANK 2017-03 computed=66.44 reported=-3965.00
2026-08-25 05:03:37,045 src.analytics.ratios WARNING DQ-05 OPM mismatch KOTAKBANK 2018-03 computed=66.87 reported=-4141.00
2026-08-25 05:03:37,045 src.analytics.ratios WARNING DQ-05 OPM mismatch KOTAKBANK 2019-03 computed=66.23 reported=-5114.00
2026-08-25 05:03:37,045 src.analytics.ratios WARNING DQ-05 OPM mismatch KOTAKBANK 2020-03 computed=67.45 reported=-5005.00
2026-08-25 05:03:37,045 src.analytics.ratios WARNING DQ-05 OPM mismatch KOTAKBANK 2021-03 computed=90.83 reported=-9958.00
2026-08-25 05:03:37,046 src.analytics.ratios WARNING DQ-05 OPM mismatch KOTAKBANK 2022-03 computed=90.98 reported=-8512.00
2026-08-25 05:03:37,046 src.analytics.ratios WARNING DQ-05 OPM mismatch KOTAKBANK 2023-03 computed=79.44 reported=-5746.00
2026-08-25 05:03:37,046 src.analytics.ratios WARNING DQ-05 OPM mismatch KOTAKBANK 2024-03 computed=83.67 reported=-13382.00
2026-08-25 05:03:37,047 src.analytics.ratios WARNING DQ-05 OPM mismatch SUNPHARMA 2024-03 computed=26.84 reported=28.00
2026-08-25 05:03:37,048 src.analytics.ratios WARNING DQ-05 OPM mismatch INDIGO 2013-03 computed=90.71 reported=855.00
2026-08-25 05:03:37,048 src.analytics.ratios WARNING DQ-05 OPM mismatch INDIGO 2014-03 computed=96.11 reported=433.00
2026-08-25 05:03:37,048 src.analytics.ratios WARNING DQ-05 OPM mismatch INDIGO 2015-03 computed=86.33 reported=1904.00
2026-08-25 05:03:37,048 src.analytics.ratios WARNING DQ-05 OPM mismatch INDIGO 2016-03 computed=80.40 reported=3164.00
2026-08-25 05:03:37,048 src.analytics.ratios WARNING DQ-05 OPM mismatch INDIGO 2017-03 computed=88.06 reported=2219.00
2026-08-25 05:03:37,048 src.analytics.ratios WARNING DQ-05 OPM mismatch INDIGO 2018-03 computed=86.84 reported=3030.00
2026-08-25 05:03:37,048 src.analytics.ratios WARNING DQ-05 OPM mismatch INDIGO 2019-03 computed=100.53 reported=-151.00
2026-08-25 05:03:37,048 src.analytics.ratios WARNING DQ-05 OPM mismatch INDIGO 2020-03 computed=88.62 reported=4069.00
2026-08-25 05:03:37,049 src.analytics.ratios WARNING DQ-05 OPM mismatch INDIGO 2021-03 computed=99.98 reported=2.00
2026-08-25 05:03:37,049 src.analytics.ratios WARNING DQ-05 OPM mismatch INDIGO 2022-03 computed=97.85 reported=558.00
2026-08-25 05:03:37,049 src.analytics.ratios WARNING DQ-05 OPM mismatch INDIGO 2023-03 computed=88.02 reported=6521.00
2026-08-25 05:03:37,049 src.analytics.ratios WARNING DQ-05 OPM mismatch INDIGO 2024-03 computed=76.30 reported=16331.00
2026-08-25 05:03:37,051 __main__ INFO Debt-free substitution ABB 2012-12: ICR displayed as Debt Free
2026-08-25 05:03:37,051 __main__ INFO Debt-free substitution ABB 2014-03: ICR displayed as Debt Free
2026-08-25 05:03:37,051 __main__ INFO Debt-free substitution ABB 2015-03: ICR displayed as Debt Free
2026-08-25 05:03:37,051 __main__ INFO Debt-free substitution ADANIENSOL 2014-03: ICR displayed as Debt Free
2026-08-25 05:03:37,052 __main__ INFO Debt-free substitution BAJAJHLDNG 2013-03: ICR displayed as Debt Free
2026-08-25 05:03:37,052 __main__ INFO Debt-free substitution BAJAJHLDNG 2014-03: ICR displayed as Debt Free
2026-08-25 05:03:37,052 __main__ INFO Debt-free substitution BAJAJHLDNG 2015-03: ICR displayed as Debt Free
2026-08-25 05:03:37,052 __main__ INFO Debt-free substitution BAJAJHLDNG 2016-03: ICR displayed as Debt Free
2026-08-25 05:03:37,052 __main__ INFO Debt-free substitution BAJAJHLDNG 2017-03: ICR displayed as Debt Free
2026-08-25 05:03:37,052 __main__ INFO Debt-free substitution BAJAJHLDNG 2018-03: ICR displayed as Debt Free
2026-08-25 05:03:37,052 __main__ INFO Debt-free substitution BAJAJHLDNG 2019-03: ICR displayed as Debt Free
2026-08-25 05:03:37,053 __main__ INFO Debt-free substitution BOSCHLTD 2013-12: ICR displayed as Debt Free
2026-08-25 05:03:37,053 __main__ INFO Debt-free substitution CHOLAFIN 2015-03: ICR displayed as Debt Free
2026-08-25 05:03:37,053 __main__ INFO Debt-free substitution CHOLAFIN 2018-03: ICR displayed as Debt Free
2026-08-25 05:03:37,053 __main__ INFO Debt-free substitution CHOLAFIN 2020-03: ICR displayed as Debt Free
2026-08-25 05:03:37,054 __main__ INFO Debt-free substitution ICICIGI 2016-03: ICR displayed as Debt Free
2026-08-25 05:03:37,054 __main__ INFO Debt-free substitution ICICIPRULI 2016-03: ICR displayed as Debt Free
2026-08-25 05:03:37,055 __main__ INFO Debt-free substitution INFY 2016-03: ICR displayed as Debt Free
2026-08-25 05:03:37,055 __main__ INFO Debt-free substitution INFY 2017-03: ICR displayed as Debt Free
2026-08-25 05:03:37,055 __main__ INFO Debt-free substitution INFY 2018-03: ICR displayed as Debt Free
2026-08-25 05:03:37,055 __main__ INFO Debt-free substitution INFY 2019-03: ICR displayed as Debt Free
2026-08-25 05:03:37,055 __main__ INFO Debt-free substitution IRCTC 2015-03: ICR displayed as Debt Free
2026-08-25 05:03:37,055 __main__ INFO Debt-free substitution IRCTC 2016-03: ICR displayed as Debt Free
2026-08-25 05:03:37,056 __main__ INFO Debt-free substitution JIOFIN 2023-03: ICR displayed as Debt Free
2026-08-25 05:03:37,056 __main__ INFO Debt-free substitution LICI 2019-03: ICR displayed as Debt Free
2026-08-25 05:03:37,056 __main__ INFO Debt-free substitution LICI 2020-03: ICR displayed as Debt Free
2026-08-25 05:03:37,056 __main__ INFO Debt-free substitution LICI 2021-03: ICR displayed as Debt Free
2026-08-25 05:03:37,056 __main__ INFO Debt-free substitution LICI 2022-03: ICR displayed as Debt Free
2026-08-25 05:03:37,058 __main__ INFO Debt-free substitution SBILIFE 2020-03: ICR displayed as Debt Free
2026-08-25 05:03:37,058 __main__ INFO Debt-free substitution SBILIFE 2021-03: ICR displayed as Debt Free
2026-08-25 05:03:37,058 __main__ INFO Debt-free substitution SBILIFE 2022-03: ICR displayed as Debt Free
2026-08-25 05:03:37,183 __main__ WARNING Cross-check anomaly ABB 2024-03 ROCE computed=36.54 source=46.00 diff=9.46 category=version_difference
2026-08-25 05:03:37,183 __main__ WARNING Cross-check anomaly ADANIENT 2024-03 ROE computed=8.53 source=13.64 diff=5.11 category=formula_mismatch
2026-08-25 05:03:37,183 __main__ WARNING Cross-check anomaly ADANIGREEN 2024-03 ROCE computed=7.25 source=96.50 diff=89.25 category=formula_mismatch
2026-08-25 05:03:37,183 __main__ WARNING Cross-check anomaly ADANIPOWER 2024-03 ROCE computed=18.39 source=32.20 diff=13.81 category=formula_mismatch
2026-08-25 05:03:37,183 __main__ WARNING Cross-check anomaly ADANIPOWER 2024-03 ROE computed=48.28 source=57.10 diff=8.82 category=version_difference
2026-08-25 05:03:37,183 __main__ WARNING Cross-check anomaly ASIANPAINT 2024-03 ROCE computed=31.75 source=41.75 diff=10.00 category=version_difference
2026-08-25 05:03:37,184 __main__ WARNING Cross-check anomaly BAJAJ-AUTO 2024-03 ROCE computed=27.21 source=33.50 diff=6.29 category=version_difference
2026-08-25 05:03:37,184 __main__ WARNING Cross-check anomaly BAJAJFINSV 2024-03 ROCE computed=11.45 source=21.14 diff=9.69 category=formula_mismatch
2026-08-25 05:03:37,184 __main__ WARNING Cross-check anomaly BAJAJFINSV 2024-03 ROE computed=25.85 source=11.72 diff=14.13 category=formula_mismatch
2026-08-25 05:03:37,184 __main__ WARNING Cross-check anomaly BAJAJHLDNG 2024-03 ROCE computed=2.81 source=13.10 diff=10.29 category=formula_mismatch
2026-08-25 05:03:37,184 __main__ WARNING Cross-check anomaly BAJFINANCE 2024-03 ROCE computed=4.17 source=11.90 diff=7.73 category=formula_mismatch
2026-08-25 05:03:37,184 __main__ WARNING Cross-check anomaly BEL 2024-03 ROCE computed=3628.35 source=34.60 diff=3593.75 category=formula_mismatch
2026-08-25 05:03:37,184 __main__ WARNING Cross-check anomaly BEL 2024-03 ROE computed=4744.05 source=26.30 diff=4717.75 category=formula_mismatch
2026-08-25 05:03:37,184 __main__ WARNING Cross-check anomaly BOSCHLTD 2024-03 ROCE computed=13.76 source=20.60 diff=6.84 category=formula_mismatch
2026-08-25 05:03:37,184 __main__ WARNING Cross-check anomaly BPCL 2024-03 ROE computed=35.51 source=41.90 diff=6.39 category=version_difference
2026-08-25 05:03:37,184 __main__ WARNING Cross-check anomaly CHOLAFIN 2024-03 ROCE computed=3.37 source=10.40 diff=7.03 category=formula_mismatch
2026-08-25 05:03:37,184 __main__ WARNING Cross-check anomaly CIPLA 2024-03 ROCE computed=67.60 source=22.80 diff=44.80 category=formula_mismatch
2026-08-25 05:03:37,185 __main__ WARNING Cross-check anomaly COALINDIA 2024-03 ROCE computed=98.17 source=63.60 diff=34.57 category=formula_mismatch
2026-08-25 05:03:37,185 __main__ WARNING Cross-check anomaly COALINDIA 2024-03 ROE computed=45.17 source=52.00 diff=6.83 category=version_difference
2026-08-25 05:03:37,185 __main__ WARNING Cross-check anomaly DRREDDY 2024-03 ROCE computed=21.36 source=26.50 diff=5.14 category=version_difference
2026-08-25 05:03:37,185 __main__ WARNING Cross-check anomaly EICHERMOT 2024-03 ROCE computed=20.21 source=31.10 diff=10.89 category=formula_mismatch
2026-08-25 05:03:37,185 __main__ WARNING Cross-check anomaly GODREJCP 2024-03 ROCE computed=17.17 source=26.49 diff=9.32 category=formula_mismatch
2026-08-25 05:03:37,185 __main__ WARNING Cross-check anomaly GODREJCP 2024-03 ROE computed=-4.45 source=6.77 diff=11.22 category=formula_mismatch
2026-08-25 05:03:37,185 __main__ WARNING Cross-check anomaly HAL 2024-03 ROCE computed=2590.99 source=38.90 diff=2552.09 category=formula_mismatch
2026-08-25 05:03:37,185 __main__ WARNING Cross-check anomaly HAL 2024-03 ROE computed=3816.58 source=28.90 diff=3787.68 category=formula_mismatch
2026-08-25 05:03:37,185 __main__ WARNING Cross-check anomaly HDFCLIFE 2024-03 ROCE computed=645.95 source=6.61 diff=639.34 category=formula_mismatch
2026-08-25 05:03:37,185 __main__ WARNING Cross-check anomaly HEROMOTOCO 2024-03 ROCE computed=173.71 source=29.10 diff=144.61 category=formula_mismatch
2026-08-25 05:03:37,185 __main__ WARNING Cross-check anomaly HINDALCO 2024-03 ROCE computed=113.58 source=11.30 diff=102.28 category=formula_mismatch
2026-08-25 05:03:37,186 __main__ WARNING Cross-check anomaly HINDUNILVR 2024-03 ROCE computed=87.32 source=27.20 diff=60.12 category=formula_mismatch
2026-08-25 05:03:37,186 __main__ WARNING Cross-check anomaly ICICIGI 2024-03 ROCE computed=145.23 source=22.50 diff=122.73 category=formula_mismatch
2026-08-25 05:03:37,186 __main__ WARNING Cross-check anomaly ICICIPRULI 2024-03 ROCE computed=753.98 source=8.75 diff=745.23 category=formula_mismatch
2026-08-25 05:03:37,186 __main__ WARNING Cross-check anomaly INDIGO 2024-03 ROCE computed=4953.54 source=24.50 diff=4929.04 category=formula_mismatch
2026-08-25 05:03:37,186 __main__ WARNING Cross-check anomaly INFY 2024-03 ROCE computed=32.91 source=40.00 diff=7.09 category=version_difference
2026-08-25 05:03:37,186 __main__ WARNING Cross-check anomaly IRCTC 2024-03 ROCE computed=42.83 source=53.80 diff=10.97 category=version_difference
2026-08-25 05:03:37,186 __main__ WARNING Cross-check anomaly IRCTC 2024-03 ROE computed=34.40 source=40.40 diff=6.00 category=version_difference
2026-08-25 05:03:37,186 __main__ WARNING Cross-check anomaly LICI 2024-03 ROCE computed=39.05 source=63.79 diff=24.74 category=formula_mismatch
2026-08-25 05:03:37,186 __main__ WARNING Cross-check anomaly LICI 2024-03 ROE computed=49.45 source=63.61 diff=14.16 category=version_difference
2026-08-25 05:03:37,186 __main__ WARNING Cross-check anomaly LT 2024-03 ROCE computed=118.53 source=17.18 diff=101.35 category=formula_mismatch
2026-08-25 05:03:37,186 __main__ WARNING Cross-check anomaly LT 2024-03 ROE computed=77.67 source=10.49 diff=67.18 category=formula_mismatch
2026-08-25 05:03:37,186 __main__ WARNING Cross-check anomaly LTIM 2024-03 ROCE computed=25.21 source=34.10 diff=8.89 category=formula_mismatch
2026-08-25 05:03:37,187 __main__ WARNING Cross-check anomaly M&M 2024-03 ROCE computed=11.54 source=26.98 diff=15.44 category=formula_mismatch
2026-08-25 05:03:37,187 __main__ WARNING Cross-check anomaly MARUTI 2024-03 ROCE computed=15.59 source=23.67 diff=8.08 category=formula_mismatch
2026-08-25 05:03:37,187 __main__ WARNING Cross-check anomaly NESTLEIND 2024-03 ROCE computed=143.15 source=185.43 diff=42.28 category=version_difference
2026-08-25 05:03:37,187 __main__ WARNING Cross-check anomaly NESTLEIND 2024-03 ROE computed=117.75 source=135.61 diff=17.86 category=version_difference
2026-08-25 05:03:37,187 __main__ WARNING Cross-check anomaly PFC 2024-03 ROCE computed=3.48 source=9.96 diff=6.48 category=formula_mismatch
2026-08-25 05:03:37,187 __main__ WARNING Cross-check anomaly PFC 2024-03 ROE computed=26.16 source=19.49 diff=6.67 category=formula_mismatch
2026-08-25 05:03:37,187 __main__ WARNING Cross-check anomaly PNB 2024-03 ROE computed=61.32 source=8.70 diff=52.62 category=formula_mismatch
2026-08-25 05:03:37,187 __main__ WARNING Cross-check anomaly SBILIFE 2024-03 ROCE computed=1.14 source=13.20 diff=12.06 category=formula_mismatch
2026-08-25 05:03:37,187 __main__ WARNING Cross-check anomaly SHRIRAMFIN 2024-03 ROCE computed=4.06 source=11.30 diff=7.24 category=formula_mismatch
2026-08-25 05:03:37,187 __main__ WARNING Cross-check anomaly SIEMENS 2024-09 ROCE computed=17.74 source=25.60 diff=7.86 category=formula_mismatch
2026-08-25 05:03:37,187 __main__ WARNING Cross-check anomaly TATAMOTORS 2024-03 ROE computed=37.46 source=49.40 diff=11.94 category=version_difference
2026-08-25 05:03:37,187 __main__ WARNING Cross-check anomaly TATASTEEL 2024-03 ROE computed=-5.33 source=6.55 diff=11.88 category=formula_mismatch
2026-08-25 05:03:37,188 __main__ WARNING Cross-check anomaly TCS 2024-03 ROE computed=50.94 source=0.52 diff=50.42 category=data_source_issue
2026-08-25 05:03:37,188 __main__ WARNING Cross-check anomaly TRENT 2024-03 ROE computed=36.31 source=27.20 diff=9.11 category=formula_mismatch
2026-08-25 05:03:37,335 __main__ INFO Financials D/E suppression verified across all 19 companies
2026-08-25 05:03:37,336 __main__ INFO Edge log: ratio_edge_cases.log; 54 anomalies categorised
